2026-10-03 08:41:45,248 | INFO | SYSTEM_START | source=videos/sample.mp4 | skip=2 | known_faces=0
2026-10-03 08:41:48,521 | INFO | EMBEDDING_GENERATED | track=1 | dim=512
2026-10-03 08:41:48,521 | INFO | REGISTERED | face_id=1 | track=1 | unique_count=1
2026-10-03 08:41:48,522 | INFO | ENTRY | face_id=1 | track=1 | video_t=0.20s | img=logs/entries/2026-10-03/08-41-48.521_face1_entry.jpg
2026-10-03 08:41:48,890 | INFO | EMBEDDING_GENERATED | track=3 | dim=512
2026-10-03 08:41:48,891 | INFO | REGISTERED | face_id=2 | track=3 | unique_count=2
2026-10-03 08:41:48,891 | INFO | ENTRY | face_id=2 | track=3 | video_t=0.20s | img=logs/entries/2026-10-03/08-41-48.891_face2_entry.jpg
2026-10-03 08:41:49,267 | INFO | EMBEDDING_GENERATED | track=4 | dim=512
2026-10-03 08:41:49,268 | INFO | REGISTERED | face_id=3 | track=4 | unique_count=3
2026-10-03 08:41:49,269 | INFO | ENTRY | face_id=3 | track=4 | video_t=0.20s | img=logs/entries/2026-10-03/08-41-49.268_face3_entry.jpg
2026-10-03 08:41:49,656 | INFO | EMBEDDING_GENERATED | track=5 | dim=512
2026-10-03 08:41:49,657 | INFO | REGISTERED | face_id=4 | track=5 | unique_count=4
2026-10-03 08:41:49,657 | INFO | ENTRY | face_id=4 | track=5 | video_t=0.20s | img=logs/entries/2026-10-03/08-41-49.657_face4_entry.jpg
2026-10-03 08:41:50,026 | INFO | EMBEDDING_GENERATED | track=6 | dim=512
2026-10-03 08:41:50,027 | INFO | REGISTERED | face_id=5 | track=6 | unique_count=5
2026-10-03 08:41:50,027 | INFO | ENTRY | face_id=5 | track=6 | video_t=0.20s | img=logs/entries/2026-10-03/08-41-50.027_face5_entry.jpg
2026-10-03 08:41:50,407 | INFO | EMBEDDING_GENERATED | track=7 | dim=512
2026-10-03 08:41:50,407 | INFO | REGISTERED | face_id=6 | track=7 | unique_count=6
2026-10-03 08:41:50,408 | INFO | ENTRY | face_id=6 | track=7 | video_t=0.20s | img=logs/entries/2026-10-03/08-41-50.407_face6_entry.jpg
2026-10-03 08:41:50,771 | INFO | EMBEDDING_GENERATED | track=8 | dim=512
2026-10-03 08:41:50,772 | INFO | REGISTERED | face_id=7 | track=8 | unique_count=7
2026-10-03 08:41:50,772 | INFO | ENTRY | face_id=7 | track=8 | video_t=0.20s | img=logs/entries/2026-10-03/08-41-50.772_face7_entry.jpg
2026-10-03 08:41:51,543 | INFO | EMBEDDING_GENERATED | track=2 | dim=512
2026-10-03 08:41:51,544 | INFO | REGISTERED | face_id=8 | track=2 | unique_count=8
2026-10-03 08:41:51,545 | INFO | ENTRY | face_id=8 | track=2 | video_t=0.30s | img=logs/entries/2026-10-03/08-41-51.544_face8_entry.jpg
2026-10-03 08:41:53,151 | INFO | EMBEDDING_GENERATED | track=9 | dim=512
2026-10-03 08:41:53,152 | INFO | REGISTERED | face_id=9 | track=9 | unique_count=9
2026-10-03 08:41:53,152 | INFO | ENTRY | face_id=9 | track=9 | video_t=0.50s | img=logs/entries/2026-10-03/08-41-53.152_face9_entry.jpg
2026-10-03 08:41:53,630 | INFO | EMBEDDING_GENERATED | track=10 | dim=512
2026-10-03 08:41:53,631 | INFO | REGISTERED | face_id=10 | track=10 | unique_count=10
2026-10-03 08:41:53,631 | INFO | ENTRY | face_id=10 | track=10 | video_t=0.50s | img=logs/entries/2026-10-03/08-41-53.631_face10_entry.jpg
2026-10-03 08:41:54,111 | INFO | EMBEDDING_GENERATED | track=11 | dim=512
2026-10-03 08:41:54,112 | INFO | REGISTERED | face_id=11 | track=11 | unique_count=11
2026-10-03 08:41:54,113 | INFO | ENTRY | face_id=11 | track=11 | video_t=0.50s | img=logs/entries/2026-10-03/08-41-54.112_face11_entry.jpg
2026-10-03 08:41:56,262 | INFO | EMBEDDING_GENERATED | track=12 | dim=512
2026-10-03 08:41:56,263 | INFO | REGISTERED | face_id=12 | track=12 | unique_count=12
2026-10-03 08:41:56,263 | INFO | ENTRY | face_id=12 | track=12 | video_t=1.00s | img=logs/entries/2026-10-03/08-41-56.263_face12_entry.jpg
2026-10-03 08:41:57,281 | INFO | EXIT | face_id=5 | track=6 | video_t=1.30s | img=logs/exits/2026-10-03/08-41-57.280_face5_exit.jpg
2026-10-03 08:41:57,281 | INFO | EXIT | face_id=9 | track=9 | video_t=1.30s | img=logs/exits/2026-10-03/08-41-57.281_face9_exit.jpg
2026-10-03 08:41:58,018 | INFO | EMBEDDING_GENERATED | track=16 | dim=512
2026-10-03 08:41:58,019 | INFO | RECOGNIZED | face_id=9 | track=16 | sim=0.607
2026-10-03 08:41:58,019 | INFO | ENTRY | face_id=9 | track=16 | video_t=1.40s | img=logs/entries/2026-10-03/08-41-58.019_face9_entry.jpg
2026-10-03 08:41:58,744 | INFO | EMBEDDING_GENERATED | track=18 | dim=512
2026-10-03 08:41:58,744 | INFO | RECOGNIZED | face_id=8 | track=18 | sim=0.678
2026-10-03 08:41:58,744 | INFO | TRACK_MERGED | face_id=8 | track=18
2026-10-03 08:41:58,744 | INFO | TRACK_DROPPED_UNIDENTIFIED | track=13
2026-10-03 08:41:59,074 | INFO | TRACK_DROPPED_UNIDENTIFIED | track=14
2026-10-03 08:41:59,808 | INFO | EMBEDDING_GENERATED | track=19 | dim=512
2026-10-03 08:41:59,808 | INFO | REGISTERED | face_id=13 | track=19 | unique_count=13
2026-10-03 08:41:59,809 | INFO | ENTRY | face_id=13 | track=19 | video_t=1.70s | img=logs/entries/2026-10-03/08-41-59.808_face13_entry.jpg
2026-10-03 08:41:59,809 | INFO | EXIT | face_id=11 | track=11 | video_t=1.70s | img=logs/exits/2026-10-03/08-41-59.809_face11_exit.jpg
2026-10-03 08:41:59,809 | INFO | TRACK_DROPPED_UNIDENTIFIED | track=15
2026-10-03 08:42:00,545 | INFO | EMBEDDING_GENERATED | track=21 | dim=512
2026-10-03 08:42:00,545 | INFO | REGISTERED | face_id=14 | track=21 | unique_count=14
2026-10-03 08:42:00,546 | INFO | ENTRY | face_id=14 | track=21 | video_t=1.80s | img=logs/entries/2026-10-03/08-42-00.546_face14_entry.jpg
2026-10-03 08:42:00,896 | INFO | EXIT | face_id=7 | track=8 | video_t=1.90s | img=logs/exits/2026-10-03/08-42-00.896_face7_exit.jpg
2026-10-03 08:42:00,897 | INFO | EXIT | face_id=10 | track=10 | video_t=1.90s | img=logs/exits/2026-10-03/08-42-00.896_face10_exit.jpg
2026-10-03 08:42:01,646 | INFO | EMBEDDING_GENERATED | track=22 | dim=512
2026-10-03 08:42:01,647 | INFO | REGISTERED | face_id=15 | track=22 | unique_count=15
2026-10-03 08:42:01,647 | INFO | ENTRY | face_id=15 | track=22 | video_t=2.00s | img=logs/entries/2026-10-03/08-42-01.647_face15_entry.jpg
2026-10-03 08:42:01,647 | INFO | TRACK_DROPPED_UNIDENTIFIED | track=17
2026-10-03 08:42:02,383 | INFO | EMBEDDING_GENERATED | track=24 | dim=512
2026-10-03 08:42:02,383 | INFO | AMBIGUOUS_MATCH | track=24 | sim=0.324 | retrying
2026-10-03 08:42:02,769 | INFO | EMBEDDING_GENERATED | track=25 | dim=512
2026-10-03 08:42:02,769 | INFO | AMBIGUOUS_MATCH | track=25 | sim=0.324 | retrying
2026-10-03 08:42:03,513 | INFO | EMBEDDING_GENERATED | track=24 | dim=512
2026-10-03 08:42:03,513 | INFO | REGISTERED | face_id=16 | track=24 | unique_count=16
2026-10-03 08:42:03,514 | INFO | ENTRY | face_id=16 | track=24 | video_t=2.20s | img=logs/entries/2026-10-03/08-42-03.513_face16_entry.jpg
2026-10-03 08:42:03,880 | INFO | EMBEDDING_GENERATED | track=25 | dim=512
2026-10-03 08:42:03,881 | INFO | AMBIGUOUS_MATCH | track=25 | sim=0.305 | retrying
2026-10-03 08:42:03,881 | INFO | TRACK_DROPPED_UNIDENTIFIED | track=20
2026-10-03 08:42:05,605 | INFO | EMBEDDING_GENERATED | track=25 | dim=512
2026-10-03 08:42:05,606 | INFO | REGISTERED | face_id=17 | track=25 | unique_count=17
2026-10-03 08:42:05,611 | INFO | ENTRY | face_id=17 | track=25 | video_t=2.30s | img=logs/entries/2026-10-03/08-42-05.606_face17_entry.jpg
2026-10-03 08:42:06,154 | INFO | EMBEDDING_GENERATED | track=26 | dim=512
2026-10-03 08:42:06,154 | INFO | AMBIGUOUS_MATCH | track=26 | sim=0.355 | retrying
2026-10-03 08:42:07,182 | INFO | EMBEDDING_GENERATED | track=26 | dim=512
2026-10-03 08:42:07,182 | INFO | AMBIGUOUS_MATCH | track=26 | sim=0.390 | retrying
2026-10-03 08:42:07,534 | INFO | TRACK_DROPPED_UNIDENTIFIED | track=23
2026-10-03 08:42:08,293 | INFO | EMBEDDING_GENERATED | track=26 | dim=512
2026-10-03 08:42:08,293 | INFO | RECOGNIZED | face_id=13 | track=26 | sim=0.429
2026-10-03 08:42:08,293 | INFO | TRACK_MERGED | face_id=13 | track=26
2026-10-03 08:42:09,683 | INFO | TRACK_DROPPED_UNIDENTIFIED | track=27
2026-10-03 08:42:10,442 | INFO | EMBEDDING_GENERATED | track=28 | dim=512
2026-10-03 08:42:10,443 | INFO | RECOGNIZED | face_id=10 | track=28 | sim=0.867
2026-10-03 08:42:10,443 | INFO | ENTRY | face_id=10 | track=28 | video_t=3.00s | img=logs/entries/2026-10-03/08-42-10.443_face10_entry.jpg
2026-10-03 08:42:10,826 | INFO | EMBEDDING_GENERATED | track=33 | dim=512
2026-10-03 08:42:10,827 | INFO | REGISTERED | face_id=18 | track=33 | unique_count=18
2026-10-03 08:42:10,827 | INFO | ENTRY | face_id=18 | track=33 | video_t=3.00s | img=logs/entries/2026-10-03/08-42-10.827_face18_entry.jpg
2026-10-03 08:42:10,828 | INFO | EXIT | face_id=14 | track=21 | video_t=3.00s | img=logs/exits/2026-10-03/08-42-10.827_face14_exit.jpg
2026-10-03 08:42:11,790 | INFO | TRACK_DROPPED_UNIDENTIFIED | track=29
2026-10-03 08:42:12,548 | INFO | EMBEDDING_GENERATED | track=37 | dim=512
2026-10-03 08:42:12,548 | INFO | REGISTERED | face_id=19 | track=37 | unique_count=19
2026-10-03 08:42:12,549 | INFO | ENTRY | face_id=19 | track=37 | video_t=3.30s | img=logs/entries/2026-10-03/08-42-12.548_face19_entry.jpg
2026-10-03 08:42:12,549 | INFO | TRACK_DROPPED_UNIDENTIFIED | track=30
2026-10-03 08:42:12,904 | INFO | TRACK_DROPPED_UNIDENTIFIED | track=31
2026-10-03 08:42:12,905 | INFO | TRACK_DROPPED_UNIDENTIFIED | track=32
2026-10-03 08:42:14,003 | INFO | EMBEDDING_GENERATED | track=40 | dim=512
2026-10-03 08:42:14,004 | INFO | RECOGNIZED | face_id=3 | track=40 | sim=0.595
2026-10-03 08:42:14,004 | INFO | TRACK_MERGED | face_id=3 | track=40
2026-10-03 08:42:14,004 | INFO | TRACK_DROPPED_UNIDENTIFIED | track=34
2026-10-03 08:42:14,347 | INFO | EXIT | face_id=13 | track=26 | video_t=3.60s | img=logs/exits/2026-10-03/08-42-14.346_face13_exit.jpg
2026-10-03 08:42:14,347 | INFO | TRACK_DROPPED_UNIDENTIFIED | track=35
2026-10-03 08:42:15,113 | INFO | EMBEDDING_GENERATED | track=42 | dim=512
2026-10-03 08:42:15,113 | INFO | REGISTERED | face_id=20 | track=42 | unique_count=20
2026-10-03 08:42:15,113 | INFO | ENTRY | face_id=20 | track=42 | video_t=3.70s | img=logs/entries/2026-10-03/08-42-15.113_face20_entry.jpg
2026-10-03 08:42:15,843 | INFO | EMBEDDING_GENERATED | track=43 | dim=512
2026-10-03 08:42:15,844 | INFO | RECOGNIZED | face_id=6 | track=43 | sim=0.695
2026-10-03 08:42:15,844 | INFO | TRACK_MERGED | face_id=6 | track=43
2026-10-03 08:42:15,844 | INFO | TRACK_DROPPED_UNIDENTIFIED | track=36
2026-10-03 08:42:16,186 | INFO | TRACK_DROPPED_UNIDENTIFIED | track=38
2026-10-03 08:42:16,940 | INFO | TRACK_DROPPED_UNIDENTIFIED | track=39
2026-10-03 08:42:17,288 | INFO | EXIT | face_id=2 | track=3 | video_t=4.10s | img=logs/exits/2026-10-03/08-42-17.287_face2_exit.jpg
2026-10-03 08:42:17,288 | INFO | TRACK_DROPPED_UNIDENTIFIED | track=41
2026-10-03 08:42:18,322 | INFO | EMBEDDING_GENERATED | track=51 | dim=512
2026-10-03 08:42:18,322 | INFO | RECOGNIZED | face_id=13 | track=51 | sim=0.606
2026-10-03 08:42:18,323 | INFO | ENTRY | face_id=13 | track=51 | video_t=4.20s | img=logs/entries/2026-10-03/08-42-18.323_face13_entry.jpg
2026-10-03 08:42:18,877 | INFO | EXIT | face_id=18 | track=33 | video_t=4.30s | img=logs/exits/2026-10-03/08-42-18.876_face18_exit.jpg
2026-10-03 08:42:18,879 | INFO | TRACK_DROPPED_UNIDENTIFIED | track=44
2026-10-03 08:42:19,420 | INFO | TRACK_DROPPED_UNIDENTIFIED | track=45
2026-10-03 08:42:19,423 | INFO | TRACK_DROPPED_UNIDENTIFIED | track=46
2026-10-03 08:42:19,973 | INFO | TRACK_DROPPED_UNIDENTIFIED | track=47
2026-10-03 08:42:20,374 | INFO | TRACK_DROPPED_UNIDENTIFIED | track=48
2026-10-03 08:42:20,374 | INFO | TRACK_DROPPED_UNIDENTIFIED | track=49
2026-10-03 08:42:21,107 | INFO | EMBEDDING_GENERATED | track=56 | dim=512
2026-10-03 08:42:21,107 | INFO | REGISTERED | face_id=21 | track=56 | unique_count=21
2026-10-03 08:42:21,108 | INFO | ENTRY | face_id=21 | track=56 | video_t=4.70s | img=logs/entries/2026-10-03/08-42-21.108_face21_entry.jpg
2026-10-03 08:42:21,108 | INFO | EXIT | face_id=6 | track=43 | video_t=4.70s | img=logs/exits/2026-10-03/08-42-21.108_face6_exit.jpg
2026-10-03 08:42:21,108 | INFO | TRACK_DROPPED_UNIDENTIFIED | track=50
2026-10-03 08:42:21,445 | INFO | TRACK_DROPPED_UNIDENTIFIED | track=52
2026-10-03 08:42:21,788 | INFO | EXIT | face_id=3 | track=40 | video_t=4.90s | img=logs/exits/2026-10-03/08-42-21.787_face3_exit.jpg
2026-10-03 08:42:21,788 | INFO | EXIT | face_id=13 | track=51 | video_t=4.90s | img=logs/exits/2026-10-03/08-42-21.788_face13_exit.jpg
2026-10-03 08:42:21,789 | INFO | TRACK_DROPPED_UNIDENTIFIED | track=53
2026-10-03 08:42:22,170 | INFO | TRACK_DROPPED_UNIDENTIFIED | track=54
2026-10-03 08:42:22,170 | INFO | TRACK_DROPPED_UNIDENTIFIED | track=55
2026-10-03 08:42:22,943 | INFO | EMBEDDING_GENERATED | track=73 | dim=512
2026-10-03 08:42:22,943 | INFO | AMBIGUOUS_MATCH | track=73 | sim=0.324 | retrying
2026-10-03 08:42:22,944 | INFO | TRACK_DROPPED_UNIDENTIFIED | track=57
2026-10-03 08:42:22,944 | INFO | TRACK_DROPPED_UNIDENTIFIED | track=58
2026-10-03 08:42:23,674 | INFO | EMBEDDING_GENERATED | track=73 | dim=512
2026-10-03 08:42:23,674 | INFO | REGISTERED | face_id=22 | track=73 | unique_count=22
2026-10-03 08:42:23,674 | INFO | ENTRY | face_id=22 | track=73 | video_t=5.21s | img=logs/entries/2026-10-03/08-42-23.674_face22_entry.jpg
2026-10-03 08:42:23,675 | INFO | TRACK_DROPPED_UNIDENTIFIED | track=59
2026-10-03 08:42:23,675 | INFO | TRACK_DROPPED_UNIDENTIFIED | track=60
2026-10-03 08:42:23,675 | INFO | TRACK_DROPPED_UNIDENTIFIED | track=61
2026-10-03 08:42:24,413 | INFO | EMBEDDING_GENERATED | track=82 | dim=512
2026-10-03 08:42:24,414 | INFO | RECOGNIZED | face_id=6 | track=82 | sim=0.605
2026-10-03 08:42:24,414 | INFO | ENTRY | face_id=6 | track=82 | video_t=5.31s | img=logs/entries/2026-10-03/08-42-24.414_face6_entry.jpg
2026-10-03 08:42:24,414 | INFO | TRACK_DROPPED_UNIDENTIFIED | track=62
2026-10-03 08:42:24,415 | INFO | TRACK_DROPPED_UNIDENTIFIED | track=63
2026-10-03 08:42:24,753 | INFO | EXIT | face_id=9 | track=16 | video_t=5.41s | img=logs/exits/2026-10-03/08-42-24.752_face9_exit.jpg
2026-10-03 08:42:24,753 | INFO | TRACK_DROPPED_UNIDENTIFIED | track=64
2026-10-03 08:42:24,753 | INFO | TRACK_DROPPED_UNIDENTIFIED | track=65
2026-10-03 08:42:25,522 | INFO | EMBEDDING_GENERATED | track=91 | dim=512
2026-10-03 08:42:25,523 | INFO | REGISTERED | face_id=23 | track=91 | unique_count=23
2026-10-03 08:42:25,523 | INFO | ENTRY | face_id=23 | track=91 | video_t=5.51s | img=logs/entries/2026-10-03/08-42-25.523_face23_entry.jpg
2026-10-03 08:42:25,888 | INFO | EMBEDDING_GENERATED | track=95 | dim=512
2026-10-03 08:42:25,889 | INFO | RECOGNIZED | face_id=11 | track=95 | sim=0.583
2026-10-03 08:42:25,889 | INFO | ENTRY | face_id=11 | track=95 | video_t=5.51s | img=logs/entries/2026-10-03/08-42-25.889_face11_entry.jpg
2026-10-03 08:42:25,890 | INFO | TRACK_DROPPED_UNIDENTIFIED | track=66
2026-10-03 08:42:25,890 | INFO | TRACK_DROPPED_UNIDENTIFIED | track=67
2026-10-03 08:42:25,890 | INFO | TRACK_DROPPED_UNIDENTIFIED | track=68
2026-10-03 08:42:25,890 | INFO | TRACK_DROPPED_UNIDENTIFIED | track=69
2026-10-03 08:42:25,890 | INFO | TRACK_DROPPED_UNIDENTIFIED | track=70
2026-10-03 08:42:26,249 | INFO | EXIT | face_id=21 | track=56 | video_t=5.61s | img=logs/exits/2026-10-03/08-42-26.248_face21_exit.jpg
2026-10-03 08:42:26,249 | INFO | TRACK_DROPPED_UNIDENTIFIED | track=71
2026-10-03 08:42:26,249 | INFO | TRACK_DROPPED_UNIDENTIFIED | track=72
2026-10-03 08:42:26,249 | INFO | TRACK_DROPPED_UNIDENTIFIED | track=74
2026-10-03 08:42:26,249 | INFO | TRACK_DROPPED_UNIDENTIFIED | track=75
2026-10-03 08:42:26,249 | INFO | TRACK_DROPPED_UNIDENTIFIED | track=76
2026-10-03 08:42:26,581 | INFO | TRACK_DROPPED_UNIDENTIFIED | track=77
2026-10-03 08:42:26,581 | INFO | TRACK_DROPPED_UNIDENTIFIED | track=78
2026-10-03 08:42:26,581 | INFO | TRACK_DROPPED_UNIDENTIFIED | track=79
2026-10-03 08:42:26,582 | INFO | TRACK_DROPPED_UNIDENTIFIED | track=80
2026-10-03 08:42:27,341 | INFO | EMBEDDING_GENERATED | track=98 | dim=512
2026-10-03 08:42:27,342 | INFO | REGISTERED | face_id=24 | track=98 | unique_count=24
2026-10-03 08:42:27,343 | INFO | ENTRY | face_id=24 | track=98 | video_t=5.81s | img=logs/entries/2026-10-03/08-42-27.342_face24_entry.jpg
2026-10-03 08:42:27,343 | INFO | EXIT | face_id=4 | track=5 | video_t=5.81s | img=logs/exits/2026-10-03/08-42-27.343_face4_exit.jpg
2026-10-03 08:42:27,343 | INFO | TRACK_DROPPED_UNIDENTIFIED | track=81
2026-10-03 08:42:27,344 | INFO | TRACK_DROPPED_UNIDENTIFIED | track=83
2026-10-03 08:42:27,344 | INFO | TRACK_DROPPED_UNIDENTIFIED | track=84
2026-10-03 08:42:27,344 | INFO | TRACK_DROPPED_UNIDENTIFIED | track=85
2026-10-03 08:42:27,344 | INFO | TRACK_DROPPED_UNIDENTIFIED | track=86
2026-10-03 08:42:27,673 | INFO | TRACK_DROPPED_UNIDENTIFIED | track=87
2026-10-03 08:42:27,673 | INFO | TRACK_DROPPED_UNIDENTIFIED | track=88
2026-10-03 08:42:27,673 | INFO | TRACK_DROPPED_UNIDENTIFIED | track=89
2026-10-03 08:42:27,673 | INFO | TRACK_DROPPED_UNIDENTIFIED | track=90
2026-10-03 08:42:28,033 | INFO | TRACK_DROPPED_UNIDENTIFIED | track=92
2026-10-03 08:42:28,033 | INFO | TRACK_DROPPED_UNIDENTIFIED | track=93
2026-10-03 08:42:28,033 | INFO | TRACK_DROPPED_UNIDENTIFIED | track=94
2026-10-03 08:42:28,033 | INFO | TRACK_DROPPED_UNIDENTIFIED | track=96
2026-10-03 08:42:28,387 | INFO | EXIT | face_id=8 | track=18 | video_t=6.11s | img=logs/exits/2026-10-03/08-42-28.386_face8_exit.jpg
2026-10-03 08:42:28,387 | INFO | TRACK_DROPPED_UNIDENTIFIED | track=97
2026-10-03 08:42:28,387 | INFO | TRACK_DROPPED_UNIDENTIFIED | track=99
2026-10-03 08:42:29,113 | INFO | EMBEDDING_GENERATED | track=110 | dim=512
2026-10-03 08:42:29,113 | INFO | AMBIGUOUS_MATCH | track=110 | sim=0.387 | retrying
2026-10-03 08:42:29,113 | INFO | TRACK_DROPPED_UNIDENTIFIED | track=100
2026-10-03 08:42:29,114 | INFO | TRACK_DROPPED_UNIDENTIFIED | track=101
2026-10-03 08:42:29,114 | INFO | TRACK_DROPPED_UNIDENTIFIED | track=102
2026-10-03 08:42:29,841 | INFO | EMBEDDING_GENERATED | track=110 | dim=512
2026-10-03 08:42:29,841 | INFO | AMBIGUOUS_MATCH | track=110 | sim=0.361 | retrying
2026-10-03 08:42:29,842 | INFO | TRACK_DROPPED_UNIDENTIFIED | track=103
2026-10-03 08:42:29,842 | INFO | TRACK_DROPPED_UNIDENTIFIED | track=104
2026-10-03 08:42:29,842 | INFO | TRACK_DROPPED_UNIDENTIFIED | track=105
2026-10-03 08:42:30,729 | INFO | EMBEDDING_GENERATED | track=110 | dim=512
2026-10-03 08:42:30,729 | INFO | REGISTERED | face_id=25 | track=110 | unique_count=25
2026-10-03 08:42:30,730 | INFO | ENTRY | face_id=25 | track=110 | video_t=6.41s | img=logs/entries/2026-10-03/08-42-30.729_face25_entry.jpg
2026-10-03 08:42:30,731 | INFO | EXIT | face_id=6 | track=82 | video_t=6.41s | img=logs/exits/2026-10-03/08-42-30.730_face6_exit.jpg
2026-10-03 08:42:30,731 | INFO | TRACK_DROPPED_UNIDENTIFIED | track=106
2026-10-03 08:42:30,731 | INFO | TRACK_DROPPED_UNIDENTIFIED | track=107
2026-10-03 08:42:31,258 | INFO | EXIT | face_id=24 | track=98 | video_t=6.51s | img=logs/exits/2026-10-03/08-42-31.258_face24_exit.jpg
2026-10-03 08:42:31,259 | INFO | TRACK_DROPPED_UNIDENTIFIED | track=108
2026-10-03 08:42:31,794 | INFO | TRACK_DROPPED_UNIDENTIFIED | track=109
2026-10-03 08:42:32,370 | INFO | TRACK_DROPPED_UNIDENTIFIED | track=111
2026-10-03 08:42:33,313 | INFO | EMBEDDING_GENERATED | track=123 | dim=512
2026-10-03 08:42:33,313 | INFO | RECOGNIZED | face_id=11 | track=123 | sim=0.648
2026-10-03 08:42:33,314 | INFO | TRACK_MERGED | face_id=11 | track=123
2026-10-03 08:42:33,314 | INFO | TRACK_DROPPED_UNIDENTIFIED | track=112
2026-10-03 08:42:33,314 | INFO | TRACK_DROPPED_UNIDENTIFIED | track=113
2026-10-03 08:42:33,314 | INFO | TRACK_DROPPED_UNIDENTIFIED | track=114
2026-10-03 08:42:33,314 | INFO | TRACK_DROPPED_UNIDENTIFIED | track=115
2026-10-03 08:42:33,642 | INFO | TRACK_DROPPED_UNIDENTIFIED | track=116
2026-10-03 08:42:34,378 | INFO | EMBEDDING_GENERATED | track=129 | dim=512
2026-10-03 08:42:34,378 | INFO | RECOGNIZED | face_id=24 | track=129 | sim=0.417
2026-10-03 08:42:34,379 | INFO | ENTRY | face_id=24 | track=129 | video_t=7.01s | img=logs/entries/2026-10-03/08-42-34.379_face24_entry.jpg
2026-10-03 08:42:34,379 | INFO | TRACK_DROPPED_UNIDENTIFIED | track=117
2026-10-03 08:42:35,150 | INFO | EMBEDDING_GENERATED | track=131 | dim=512
2026-10-03 08:42:35,150 | INFO | RECOGNIZED | face_id=24 | track=131 | sim=0.838
2026-10-03 08:42:35,150 | INFO | TRACK_MERGED | face_id=24 | track=131
2026-10-03 08:42:35,151 | INFO | TRACK_DROPPED_UNIDENTIFIED | track=118
2026-10-03 08:42:35,151 | INFO | TRACK_DROPPED_UNIDENTIFIED | track=119
2026-10-03 08:42:35,151 | INFO | TRACK_DROPPED_UNIDENTIFIED | track=120
2026-10-03 08:42:35,476 | INFO | TRACK_DROPPED_UNIDENTIFIED | track=121
2026-10-03 08:42:36,205 | INFO | EMBEDDING_GENERATED | track=135 | dim=512
2026-10-03 08:42:36,206 | INFO | RECOGNIZED | face_id=21 | track=135 | sim=0.540
2026-10-03 08:42:36,207 | INFO | ENTRY | face_id=21 | track=135 | video_t=7.31s | img=logs/entries/2026-10-03/08-42-36.206_face21_entry.jpg
2026-10-03 08:42:36,207 | INFO | TRACK_DROPPED_UNIDENTIFIED | track=124
2026-10-03 08:42:36,533 | INFO | EXIT | face_id=25 | track=110 | video_t=7.41s | img=logs/exits/2026-10-03/08-42-36.533_face25_exit.jpg
2026-10-03 08:42:36,534 | INFO | TRACK_DROPPED_UNIDENTIFIED | track=125
2026-10-03 08:42:36,534 | INFO | TRACK_DROPPED_UNIDENTIFIED | track=126
2026-10-03 08:42:36,534 | INFO | TRACK_DROPPED_UNIDENTIFIED | track=127
2026-10-03 08:42:37,281 | INFO | EMBEDDING_GENERATED | track=136 | dim=512
2026-10-03 08:42:37,281 | INFO | AMBIGUOUS_MATCH | track=136 | sim=0.386 | retrying
2026-10-03 08:42:37,672 | INFO | EMBEDDING_GENERATED | track=137 | dim=512
2026-10-03 08:42:37,672 | INFO | RECOGNIZED | face_id=11 | track=137 | sim=0.685
2026-10-03 08:42:37,672 | INFO | TRACK_MERGED | face_id=11 | track=137
2026-10-03 08:42:37,672 | INFO | TRACK_DROPPED_UNIDENTIFIED | track=122
2026-10-03 08:42:37,672 | INFO | TRACK_DROPPED_UNIDENTIFIED | track=128
2026-10-03 08:42:38,411 | INFO | EMBEDDING_GENERATED | track=136 | dim=512
2026-10-03 08:42:38,412 | INFO | RECOGNIZED | face_id=24 | track=136 | sim=0.483
2026-10-03 08:42:38,412 | INFO | TRACK_MERGED | face_id=24 | track=136
2026-10-03 08:42:38,412 | INFO | TRACK_DROPPED_UNIDENTIFIED | track=130
2026-10-03 08:42:38,412 | INFO | TRACK_DROPPED_UNIDENTIFIED | track=132
2026-10-03 08:42:39,151 | INFO | EMBEDDING_GENERATED | track=140 | dim=512
2026-10-03 08:42:39,151 | INFO | REGISTERED | face_id=26 | track=140 | unique_count=26
2026-10-03 08:42:39,152 | INFO | ENTRY | face_id=26 | track=140 | video_t=7.71s | img=logs/entries/2026-10-03/08-42-39.152_face26_entry.jpg
2026-10-03 08:42:39,152 | INFO | TRACK_DROPPED_UNIDENTIFIED | track=133
2026-10-03 08:42:39,478 | INFO | TRACK_DROPPED_UNIDENTIFIED | track=134
2026-10-03 08:42:40,227 | INFO | EMBEDDING_GENERATED | track=144 | dim=512
2026-10-03 08:42:40,228 | INFO | AMBIGUOUS_MATCH | track=144 | sim=0.334 | retrying
2026-10-03 08:42:40,494 | INFO | EXIT | face_id=1 | track=1 | video_t=7.97s | img=logs/exits/2026-10-03/08-42-40.493_face1_exit.jpg
2026-10-03 08:42:40,494 | INFO | EXIT | face_id=12 | track=12 | video_t=7.97s | img=logs/exits/2026-10-03/08-42-40.494_face12_exit.jpg
2026-10-03 08:42:40,495 | INFO | EXIT | face_id=15 | track=22 | video_t=7.97s | img=logs/exits/2026-10-03/08-42-40.495_face15_exit.jpg
2026-10-03 08:42:40,495 | INFO | EXIT | face_id=16 | track=24 | video_t=7.97s | img=logs/exits/2026-10-03/08-42-40.495_face16_exit.jpg
2026-10-03 08:42:40,496 | INFO | EXIT | face_id=17 | track=25 | video_t=7.97s | img=logs/exits/2026-10-03/08-42-40.495_face17_exit.jpg
2026-10-03 08:42:40,496 | INFO | EXIT | face_id=10 | track=28 | video_t=7.97s | img=logs/exits/2026-10-03/08-42-40.496_face10_exit.jpg
2026-10-03 08:42:40,496 | INFO | EXIT | face_id=19 | track=37 | video_t=7.97s | img=logs/exits/2026-10-03/08-42-40.496_face19_exit.jpg
2026-10-03 08:42:40,497 | INFO | EXIT | face_id=20 | track=42 | video_t=7.97s | img=logs/exits/2026-10-03/08-42-40.496_face20_exit.jpg
2026-10-03 08:42:40,497 | INFO | EXIT | face_id=22 | track=73 | video_t=7.97s | img=logs/exits/2026-10-03/08-42-40.497_face22_exit.jpg
2026-10-03 08:42:40,497 | INFO | EXIT | face_id=23 | track=91 | video_t=7.97s | img=logs/exits/2026-10-03/08-42-40.497_face23_exit.jpg
2026-10-03 08:42:40,498 | INFO | EXIT | face_id=21 | track=135 | video_t=7.97s | img=logs/exits/2026-10-03/08-42-40.497_face21_exit.jpg
2026-10-03 08:42:40,498 | INFO | EXIT | face_id=24 | track=136 | video_t=7.97s | img=logs/exits/2026-10-03/08-42-40.498_face24_exit.jpg
2026-10-03 08:42:40,498 | INFO | EXIT | face_id=11 | track=137 | video_t=7.97s | img=logs/exits/2026-10-03/08-42-40.498_face11_exit.jpg
2026-10-03 08:42:40,498 | INFO | TRACK_DROPPED_UNIDENTIFIED | track=138
2026-10-03 08:42:40,498 | INFO | TRACK_DROPPED_UNIDENTIFIED | track=139
2026-10-03 08:42:40,499 | INFO | EXIT | face_id=26 | track=140 | video_t=7.97s | img=logs/exits/2026-10-03/08-42-40.499_face26_exit.jpg
2026-10-03 08:42:40,499 | INFO | TRACK_DROPPED_UNIDENTIFIED | track=141
2026-10-03 08:42:40,499 | INFO | TRACK_DROPPED_UNIDENTIFIED | track=142
2026-10-03 08:42:40,499 | INFO | TRACK_DROPPED_UNIDENTIFIED | track=143
2026-10-03 08:42:40,499 | INFO | TRACK_DROPPED_UNIDENTIFIED | track=144
2026-10-03 08:42:40,499 | INFO | TRACK_DROPPED_UNIDENTIFIED | track=145
2026-10-03 08:42:40,501 | INFO | SYSTEM_STOP | frames=240 | elapsed=55.2s | UNIQUE_VISITORS=26
